Resolving dependencies...
Downloading packages...
  _fe_analyzer_shared 91.0.0 (92.0.0 available)
  analyzer 8.4.1 (9.0.0 available)
  analyzer_buffer 0.1.11 (0.2.0 available)
  analyzer_plugin 0.13.6 (0.13.11 available)
  characters 1.4.0 (1.4.1 available)
  freezed 3.2.3 (3.2.4 available)
  json_serializable 6.11.2 (6.11.3 available)
  matcher 0.12.17 (0.12.18 available)
  material_color_utilities 0.11.1 (0.13.0 available)
  source_helper 1.3.8 (1.3.9 available)
  sqflite_common_ffi 2.4.0+1 (2.4.0+2 available)
  test 1.26.3 (1.28.0 available)
  test_api 0.7.7 (0.7.8 available)
  test_core 0.6.12 (0.6.14 available)
Got dependencies!
14 packages have newer versions incompatible with dependency constraints.
Try `flutter pub outdated` for more information.
00:00 +0: loading /Users/lanzf/Projects/PHF/.worktrees/feat-issue-19/test/repository_verification_test.dart                                                                                            00:01 +0: loading /Users/lanzf/Projects/PHF/.worktrees/feat-issue-19/test/repository_verification_test.dart                                                                                            00:01 +0: /Users/lanzf/Projects/PHF/.worktrees/feat-issue-19/test/repository_verification_test.dart: PersonRepository Tests createPerson and getAllPersons                                             00:01 +1: /Users/lanzf/Projects/PHF/.worktrees/feat-issue-19/test/repository_verification_test.dart: PersonRepository Tests createPerson and getAllPersons                                             00:01 +2: /Users/lanzf/Projects/PHF/.worktrees/feat-issue-19/test/repository_verification_test.dart: PersonRepository Tests createPerson and getAllPersons                                             00:01 +3: /Users/lanzf/Projects/PHF/.worktrees/feat-issue-19/test/repository_verification_test.dart: PersonRepository Tests createPerson and getAllPersons                                             00:01 +4: /Users/lanzf/Projects/PHF/.worktrees/feat-issue-19/test/repository_verification_test.dart: PersonRepository Tests createPerson and getAllPersons                                             00:01 +5: /Users/lanzf/Projects/PHF/.worktrees/feat-issue-19/test/repository_verification_test.dart: PersonRepository Tests createPerson and getAllPersons                                             00:02 +5: /Users/lanzf/Projects/PHF/.worktrees/feat-issue-19/test/repository_verification_test.dart: PersonRepository Tests createPerson and getAllPersons                                             00:02 +6: /Users/lanzf/Projects/PHF/.worktrees/feat-issue-19/test/repository_verification_test.dart: PersonRepository Tests createPerson and getAllPersons                                             00:02 +7: /Users/lanzf/Projects/PHF/.worktrees/feat-issue-19/test/repository_verification_test.dart: PersonRepository Tests createPerson and getAllPersons                                             00:02 +8: /Users/lanzf/Projects/PHF/.worktrees/feat-issue-19/test/repository_verification_test.dart: PersonRepository Tests createPerson and getAllPersons                                             00:02 +9: /Users/lanzf/Projects/PHF/.worktrees/feat-issue-19/test/repository_verification_test.dart: PersonRepository Tests createPerson and getAllPersons                                             00:02 +10: /Users/lanzf/Projects/PHF/.worktrees/feat-issue-19/test/repository_verification_test.dart: PersonRepository Tests createPerson and getAllPersons                                            00:02 +11: /Users/lanzf/Projects/PHF/.worktrees/feat-issue-19/test/repository_verification_test.dart: PersonRepository Tests createPerson and getAllPersons                                            00:02 +11: /Users/lanzf/Projects/PHF/.worktrees/feat-issue-19/test/repository_verification_test.dart: PersonRepository Tests updateOrder                                                               00:02 +12: /Users/lanzf/Projects/PHF/.worktrees/feat-issue-19/test/repository_verification_test.dart: PersonRepository Tests updateOrder                                                               00:02 +12: /Users/lanzf/Projects/PHF/.worktrees/feat-issue-19/test/repository_verification_test.dart: PersonRepository Tests deletePerson constraints                                                  00:02 +13: /Users/lanzf/Projects/PHF/.worktrees/feat-issue-19/test/repository_verification_test.dart: PersonRepository Tests deletePerson constraints                                                  00:02 +13: /Users/lanzf/Projects/PHF/.worktrees/feat-issue-19/test/repository_verification_test.dart: TagRepository Tests createTag and filtering                                                      00:02 +14: /Users/lanzf/Projects/PHF/.worktrees/feat-issue-19/test/repository_verification_test.dart: TagRepository Tests createTag and filtering                                                      00:02 +14: /Users/lanzf/Projects/PHF/.worktrees/feat-issue-19/test/repository_verification_test.dart: TagRepository Tests deleteTag cascade to images                                                  00:02 +15: /Users/lanzf/Projects/PHF/.worktrees/feat-issue-19/test/repository_verification_test.dart: TagRepository Tests deleteTag cascade to images                                                  00:02 +15: /Users/lanzf/Projects/PHF/.worktrees/feat-issue-19/test/repository_verification_test.dart: TagRepository Tests suggestTags                                                                  00:02 +16: /Users/lanzf/Projects/PHF/.worktrees/feat-issue-19/test/repository_verification_test.dart: TagRepository Tests suggestTags                                                                  00:02 +16: loading /Users/lanzf/Projects/PHF/.worktrees/feat-issue-19/test/integration/tags_integration_test.dart                                                                                      00:02 +16: /Users/lanzf/Projects/PHF/.worktrees/feat-issue-19/test/integration/tags_integration_test.dart: Should sync image tags to record tags_cache                                                 00:02 +17: /Users/lanzf/Projects/PHF/.worktrees/feat-issue-19/test/integration/tags_integration_test.dart: Should sync image tags to record tags_cache                                                 00:02 +17: /Users/lanzf/Projects/PHF/.worktrees/feat-issue-19/test/integration/tags_integration_test.dart: Should retrieve all tags correctly                                                          00:02 +18: /Users/lanzf/Projects/PHF/.worktrees/feat-issue-19/test/integration/tags_integration_test.dart: Should retrieve all tags correctly                                                          00:03 +18: /Users/lanzf/Projects/PHF/.worktrees/feat-issue-19/test/integration/tags_integration_test.dart: Should retrieve all tags correctly                                                          00:03 +18: loading /Users/lanzf/Projects/PHF/.worktrees/feat-issue-19/test/logic/providers/provider_test.dart                                                                                          00:03 +18: /Users/lanzf/Projects/PHF/.worktrees/feat-issue-19/test/logic/providers/provider_test.dart: DI Graph Validity - Core Providers                                                              00:03 +19: /Users/lanzf/Projects/PHF/.worktrees/feat-issue-19/test/logic/providers/provider_test.dart: DI Graph Validity - Core Providers                                                              00:03 +19: /Users/lanzf/Projects/PHF/.worktrees/feat-issue-19/test/logic/providers/provider_test.dart: IngestionController Initial State                                                               00:03 +20: /Users/lanzf/Projects/PHF/.worktrees/feat-issue-19/test/logic/providers/provider_test.dart: IngestionController Initial State                                                               00:03 +20: loading /Users/lanzf/Projects/PHF/.worktrees/feat-issue-19/test/logic/providers/person_provider_test.dart                                                                                   00:03 +20: /Users/lanzf/Projects/PHF/.worktrees/feat-issue-19/test/logic/providers/person_provider_test.dart: PersonProvider Tests currentPersonIdController build returns saved ID if exists          00:03 +21: /Users/lanzf/Projects/PHF/.worktrees/feat-issue-19/test/logic/providers/person_provider_test.dart: PersonProvider Tests currentPersonIdController build returns saved ID if exists          00:03 +21: /Users/lanzf/Projects/PHF/.worktrees/feat-issue-19/test/logic/providers/person_provider_test.dart: ... Tests currentPersonIdController build returns default person if no saved ID          00:03 +22: /Users/lanzf/Projects/PHF/.worktrees/feat-issue-19/test/logic/providers/person_provider_test.dart: ... Tests currentPersonIdController build returns default person if no saved ID          00:03 +22: /Users/lanzf/Projects/PHF/.worktrees/feat-issue-19/test/logic/providers/person_provider_test.dart: PersonProvider Tests selectPerson updates state and repo                                 00:03 +23: /Users/lanzf/Projects/PHF/.worktrees/feat-issue-19/test/logic/providers/person_provider_test.dart: PersonProvider Tests selectPerson updates state and repo                                 00:03 +23: /Users/lanzf/Projects/PHF/.worktrees/feat-issue-19/test/logic/providers/person_provider_test.dart: PersonProvider Tests currentPerson returns full person entity                            00:03 +24: /Users/lanzf/Projects/PHF/.worktrees/feat-issue-19/test/logic/providers/person_provider_test.dart: PersonProvider Tests currentPerson returns full person entity                            00:03 +24: loading /Users/lanzf/Projects/PHF/.worktrees/feat-issue-19/test/logic/utils/secure_wipe_helper_test.dart                                                                                    00:03 +24: /Users/lanzf/Projects/PHF/.worktrees/feat-issue-19/test/logic/utils/secure_wipe_helper_test.dart: SecureWipeHelper wipe successfully overwrites and deletes small file                      00:03 +25: /Users/lanzf/Projects/PHF/.worktrees/feat-issue-19/test/logic/utils/secure_wipe_helper_test.dart: SecureWipeHelper wipe successfully overwrites and deletes small file                      00:03 +26: /Users/lanzf/Projects/PHF/.worktrees/feat-issue-19/test/logic/utils/smart_extractor_test.dart: SmartExtractor Tests Should extract date in Chinese format                                   00:03 +27: /Users/lanzf/Projects/PHF/.worktrees/feat-issue-19/test/logic/utils/secure_wipe_helper_test.dart: SecureWipeHelper wipe successfully handles large file (over buffer size)                  00:03 +28: /Users/lanzf/Projects/PHF/.worktrees/feat-issue-19/test/logic/utils/secure_wipe_helper_test.dart: SecureWipeHelper wipe successfully handles large file (over buffer size)                  00:03 +29: /Users/lanzf/Projects/PHF/.worktrees/feat-issue-19/test/logic/utils/secure_wipe_helper_test.dart: SecureWipeHelper wipe successfully handles large file (over buffer size)                  00:03 +30: /Users/lanzf/Projects/PHF/.worktrees/feat-issue-19/test/logic/utils/secure_wipe_helper_test.dart: SecureWipeHelper wipe successfully handles large file (over buffer size)                  00:03 +31: /Users/lanzf/Projects/PHF/.worktrees/feat-issue-19/test/logic/utils/secure_wipe_helper_test.dart: SecureWipeHelper wipe successfully handles large file (over buffer size)                  00:03 +32: /Users/lanzf/Projects/PHF/.worktrees/feat-issue-19/test/logic/utils/secure_wipe_helper_test.dart: SecureWipeHelper wipe successfully handles large file (over buffer size)                  00:03 +33: /Users/lanzf/Projects/PHF/.worktrees/feat-issue-19/test/logic/utils/secure_wipe_helper_test.dart: SecureWipeHelper wipe successfully handles large file (over buffer size)                  00:03 +34: /Users/lanzf/Projects/PHF/.worktrees/feat-issue-19/test/logic/utils/secure_wipe_helper_test.dart: SecureWipeHelper wipe successfully handles large file (over buffer size)                  00:03 +34: /Users/lanzf/Projects/PHF/.worktrees/feat-issue-19/test/logic/utils/secure_wipe_helper_test.dart: SecureWipeHelper wipeSync successfully overwrites and deletes                             00:03 +35: /Users/lanzf/Projects/PHF/.worktrees/feat-issue-19/test/logic/utils/secure_wipe_helper_test.dart: SecureWipeHelper wipeSync successfully overwrites and deletes                             00:03 +35: /Users/lanzf/Projects/PHF/.worktrees/feat-issue-19/test/logic/utils/secure_wipe_helper_test.dart: SecureWipeHelper wipe handles non-existent file gracefully                                00:03 +36: /Users/lanzf/Projects/PHF/.worktrees/feat-issue-19/test/logic/utils/secure_wipe_helper_test.dart: SecureWipeHelper wipe handles non-existent file gracefully                                00:04 +36: /Users/lanzf/Projects/PHF/.worktrees/feat-issue-19/test/logic/utils/secure_wipe_helper_test.dart: SecureWipeHelper wipe handles non-existent file gracefully                                00:04 +36: loading /Users/lanzf/Projects/PHF/.worktrees/feat-issue-19/test/logic/services/background_worker_service_test.dart                                                                          00:04 +36: /Users/lanzf/Projects/PHF/.worktrees/feat-issue-19/test/logic/services/background_worker_service_test.dart: BackgroundWorkerService Singleton check                                         00:04 +37: /Users/lanzf/Projects/PHF/.worktrees/feat-issue-19/test/logic/services/background_worker_service_test.dart: BackgroundWorkerService Singleton check                                         00:04 +37: /Users/lanzf/Projects/PHF/.worktrees/feat-issue-19/test/logic/services/background_worker_service_test.dart: BackgroundWorkerService initialize registers dispatcher on Android              00:04 +38: /Users/lanzf/Projects/PHF/.worktrees/feat-issue-19/test/logic/services/background_worker_service_test.dart: BackgroundWorkerService initialize registers dispatcher on Android              00:04 +38: /Users/lanzf/Projects/PHF/.worktrees/feat-issue-19/test/logic/services/background_worker_service_test.dart: BackgroundWorkerService triggerProcessing registers task on Android             00:04 +39: /Users/lanzf/Projects/PHF/.worktrees/feat-issue-19/test/logic/services/background_worker_service_test.dart: BackgroundWorkerService triggerProcessing registers task on Android             00:04 +39: /Users/lanzf/Projects/PHF/.worktrees/feat-issue-19/test/logic/services/background_worker_service_test.dart: BackgroundWorkerService initialize registers dispatcher on iOS                  00:04 +40: /Users/lanzf/Projects/PHF/.worktrees/feat-issue-19/test/logic/services/background_worker_service_test.dart: BackgroundWorkerService initialize registers dispatcher on iOS                  00:04 +40: /Users/lanzf/Projects/PHF/.worktrees/feat-issue-19/test/logic/services/background_worker_service_test.dart: BackgroundWorkerService triggerProcessing registers task on iOS                 00:04 +41: /Users/lanzf/Projects/PHF/.worktrees/feat-issue-19/test/logic/services/backup_service_test.dart: BackupService exportBackup should zip and encrypt files                                    00:04 +42: /Users/lanzf/Projects/PHF/.worktrees/feat-issue-19/test/logic/services/backup_service_test.dart: BackupService exportBackup should zip and encrypt files                                    00:04 +43: /Users/lanzf/Projects/PHF/.worktrees/feat-issue-19/test/logic/services/backup_service_test.dart: BackupService exportBackup should zip and encrypt files                                    00:04 +43: /Users/lanzf/Projects/PHF/.worktrees/feat-issue-19/test/logic/services/backup_service_test.dart: BackupService importBackup should decrypt and unzip files                                  00:05 +43: /Users/lanzf/Projects/PHF/.worktrees/feat-issue-19/test/logic/services/backup_service_test.dart: BackupService importBackup should decrypt and unzip files                                  00:05 +44: /Users/lanzf/Projects/PHF/.worktrees/feat-issue-19/test/logic/services/backup_service_test.dart: BackupService importBackup should decrypt and unzip files                                  00:05 +45: /Users/lanzf/Projects/PHF/.worktrees/feat-issue-19/test/logic/services/backup_service_test.dart: BackupService importBackup should decrypt and unzip files                                  00:05 +46: /Users/lanzf/Projects/PHF/.worktrees/feat-issue-19/test/logic/services/backup_service_test.dart: BackupService importBackup should decrypt and unzip files                                  00:05 +47: /Users/lanzf/Projects/PHF/.worktrees/feat-issue-19/test/logic/services/backup_service_test.dart: BackupService importBackup should decrypt and unzip files                                  00:05 +48: /Users/lanzf/Projects/PHF/.worktrees/feat-issue-19/test/logic/services/backup_service_test.dart: BackupService importBackup should decrypt and unzip files                                  00:05 +49: /Users/lanzf/Projects/PHF/.worktrees/feat-issue-19/test/logic/services/backup_service_test.dart: BackupService importBackup should decrypt and unzip files                                  00:05 +50: /Users/lanzf/Projects/PHF/.worktrees/feat-issue-19/test/logic/services/backup_service_test.dart: BackupService importBackup should decrypt and unzip files                                  00:05 +51: /Users/lanzf/Projects/PHF/.worktrees/feat-issue-19/test/logic/services/backup_service_test.dart: BackupService importBackup should decrypt and unzip files                                  00:05 +51: loading /Users/lanzf/Projects/PHF/.worktrees/feat-issue-19/test/logic/services/crypto_service_test.dart                                                                                     00:05 +51: /Users/lanzf/Projects/PHF/.worktrees/feat-issue-19/test/logic/services/crypto_service_test.dart: CryptoService In-Memory generateRandomKey returns 32 bytes                                 00:05 +52: /Users/lanzf/Projects/PHF/.worktrees/feat-issue-19/test/logic/services/crypto_service_test.dart: CryptoService In-Memory generateRandomKey returns 32 bytes                                 00:05 +52: /Users/lanzf/Projects/PHF/.worktrees/feat-issue-19/test/logic/services/crypto_service_test.dart: CryptoService In-Memory generateRandomKey creates unique keys                              00:05 +53: /Users/lanzf/Projects/PHF/.worktrees/feat-issue-19/test/logic/services/crypto_service_test.dart: CryptoService In-Memory generateRandomKey creates unique keys                              00:05 +53: /Users/lanzf/Projects/PHF/.worktrees/feat-issue-19/test/logic/services/crypto_service_test.dart: CryptoService In-Memory encrypt/decrypt roundtrip                                          00:05 +54: /Users/lanzf/Projects/PHF/.worktrees/feat-issue-19/test/logic/services/crypto_service_test.dart: CryptoService In-Memory encrypt/decrypt roundtrip                                          00:05 +54: /Users/lanzf/Projects/PHF/.worktrees/feat-issue-19/test/logic/services/crypto_service_test.dart: CryptoService In-Memory decrypt throws SecurityException on bad key                        00:05 +55: /Users/lanzf/Projects/PHF/.worktrees/feat-issue-19/test/logic/services/crypto_service_test.dart: CryptoService In-Memory decrypt throws SecurityException on bad key                        00:05 +55: /Users/lanzf/Projects/PHF/.worktrees/feat-issue-19/test/logic/services/crypto_service_test.dart: CryptoService File Streaming encryptFile/decryptFile roundtrip (small file)                00:05 +56: /Users/lanzf/Projects/PHF/.worktrees/feat-issue-19/test/logic/services/crypto_service_test.dart: CryptoService File Streaming encryptFile/decryptFile roundtrip (small file)                00:05 +56: /Users/lanzf/Projects/PHF/.worktrees/feat-issue-19/test/logic/services/crypto_service_test.dart: CryptoService File Streaming encryptFile/decryptFile roundtrip (multi-chunk)               00:06 +56: /Users/lanzf/Projects/PHF/.worktrees/feat-issue-19/test/logic/services/crypto_service_test.dart: CryptoService File Streaming encryptFile/decryptFile roundtrip (multi-chunk)               00:06 +57: /Users/lanzf/Projects/PHF/.worktrees/feat-issue-19/test/logic/services/crypto_service_test.dart: CryptoService File Streaming encryptFile/decryptFile roundtrip (multi-chunk)               00:06 +58: /Users/lanzf/Projects/PHF/.worktrees/feat-issue-19/test/logic/services/crypto_service_test.dart: CryptoService File Streaming encryptFile/decryptFile roundtrip (multi-chunk)               00:06 +59: /Users/lanzf/Projects/PHF/.worktrees/feat-issue-19/test/logic/services/crypto_service_test.dart: CryptoService File Streaming encryptFile/decryptFile roundtrip (multi-chunk)               00:06 +60: /Users/lanzf/Projects/PHF/.worktrees/feat-issue-19/test/logic/services/crypto_service_test.dart: CryptoService File Streaming encryptFile/decryptFile roundtrip (multi-chunk)               00:06 +61: /Users/lanzf/Projects/PHF/.worktrees/feat-issue-19/test/logic/services/crypto_service_test.dart: CryptoService File Streaming encryptFile/decryptFile roundtrip (multi-chunk)               00:06 +61: loading /Users/lanzf/Projects/PHF/.worktrees/feat-issue-19/test/logic/services/ocr_fulltext_test.dart                                                                                       00:06 +61: /Users/lanzf/Projects/PHF/.worktrees/feat-issue-19/test/logic/services/ocr_fulltext_test.dart: Search index should aggregate text from multiple images in the same record                   00:06 +62: /Users/lanzf/Projects/PHF/.worktrees/feat-issue-19/test/logic/services/ocr_fulltext_test.dart: Search index should aggregate text from multiple images in the same record                   00:06 +62: loading /Users/lanzf/Projects/PHF/.worktrees/feat-issue-19/test/logic/services/ocr_processor_test.dart                                                                                      00:06 +62: /Users/lanzf/Projects/PHF/.worktrees/feat-issue-19/test/logic/services/ocr_processor_test.dart: OCRProcessor processNextItem returns false when queue is empty                              00:06 +63: /Users/lanzf/Projects/PHF/.worktrees/feat-issue-19/test/logic/services/ocr_processor_test.dart: OCRProcessor processNextItem returns false when queue is empty                              00:06 +63: /Users/lanzf/Projects/PHF/.worktrees/feat-issue-19/test/logic/services/ocr_processor_test.dart: OCRProcessor Full success flow (High Confidence)                                            00:06 +64: /Users/lanzf/Projects/PHF/.worktrees/feat-issue-19/test/logic/services/ocr_processor_test.dart: OCRProcessor Full success flow (High Confidence)                                            00:06 +64: /Users/lanzf/Projects/PHF/.worktrees/feat-issue-19/test/logic/services/ocr_processor_test.dart: OCRProcessor Low confidence flow (Processing -> Review)                                     00:06 +65: /Users/lanzf/Projects/PHF/.worktrees/feat-issue-19/test/logic/services/ocr_processor_test.dart: OCRProcessor Low confidence flow (Processing -> Review)                                     00:06 +65: /Users/lanzf/Projects/PHF/.worktrees/feat-issue-19/test/logic/services/ocr_processor_test.dart: OCRProcessor Failure handling                                                               00:06 +66: /Users/lanzf/Projects/PHF/.worktrees/feat-issue-19/test/logic/services/ocr_processor_test.dart: OCRProcessor Failure handling                                                               00:06 +66: loading /Users/lanzf/Projects/PHF/.worktrees/feat-issue-19/test/widget_test.dart                                                                                                            00:06 +66: /Users/lanzf/Projects/PHF/.worktrees/feat-issue-19/test/widget_test.dart: App launches and displays PHF text                                                                                00:07 +66: /Users/lanzf/Projects/PHF/.worktrees/feat-issue-19/test/widget_test.dart: App launches and displays PHF text                                                                                00:07 +67: /Users/lanzf/Projects/PHF/.worktrees/feat-issue-19/test/widget_test.dart: App launches and displays PHF text                                                                                00:07 +68: /Users/lanzf/Projects/PHF/.worktrees/feat-issue-19/test/data/datasources/local/seeds/database_seeder_test.dart: DatabaseSeeder run inserts default user and system tags                     00:07 +69: /Users/lanzf/Projects/PHF/.worktrees/feat-issue-19/test/data/datasources/local/seeds/database_seeder_test.dart: DatabaseSeeder run inserts default user and system tags                     00:07 +69: loading /Users/lanzf/Projects/PHF/.worktrees/feat-issue-19/test/data/repositories/repository_test.dart                                                                                      00:07 +69: /Users/lanzf/Projects/PHF/.worktrees/feat-issue-19/test/data/repositories/repository_test.dart: RecordRepository saveRecord and getRecordById                                               00:07 +70: /Users/lanzf/Projects/PHF/.worktrees/feat-issue-19/test/data/repositories/repository_test.dart: RecordRepository saveRecord and getRecordById                                               00:07 +71: /Users/lanzf/Projects/PHF/.worktrees/feat-issue-19/test/data/repositories/repository_test.dart: RecordRepository saveRecord and getRecordById                                               00:07 +72: /Users/lanzf/Projects/PHF/.worktrees/feat-issue-19/test/data/repositories/repository_test.dart: RecordRepository saveRecord and getRecordById                                               00:07 +73: /Users/lanzf/Projects/PHF/.worktrees/feat-issue-19/test/data/repositories/repository_test.dart: RecordRepository saveRecord and getRecordById                                               00:07 +74: /Users/lanzf/Projects/PHF/.worktrees/feat-issue-19/test/data/repositories/repository_test.dart: RecordRepository saveRecord and getRecordById                                               00:07 +75: /Users/lanzf/Projects/PHF/.worktrees/feat-issue-19/test/data/repositories/repository_test.dart: RecordRepository saveRecord and getRecordById                                               00:08 +75: /Users/lanzf/Projects/PHF/.worktrees/feat-issue-19/test/data/repositories/repository_test.dart: RecordRepository saveRecord and getRecordById                                               00:08 +75: /Users/lanzf/Projects/PHF/.worktrees/feat-issue-19/test/data/repositories/repository_test.dart: ImageRepository & Sync Syncs tags_cache to record when image tags update                    00:08 +76: /Users/lanzf/Projects/PHF/.worktrees/feat-issue-19/test/data/repositories/repository_test.dart: ImageRepository & Sync Syncs tags_cache to record when image tags update                    00:08 +76: /Users/lanzf/Projects/PHF/.worktrees/feat-issue-19/test/data/repositories/repository_test.dart: ImageRepository & Sync deleteImage triggers sync (removes tags)                             00:08 +77: /Users/lanzf/Projects/PHF/.worktrees/feat-issue-19/test/data/repositories/repository_test.dart: ImageRepository & Sync deleteImage triggers sync (removes tags)                             00:08 +77: /Users/lanzf/Projects/PHF/.worktrees/feat-issue-19/test/data/repositories/repository_test.dart: ... & Sync Deleting the last image of a record deletes the Record entity and OCR tasks      00:08 +78: /Users/lanzf/Projects/PHF/.worktrees/feat-issue-19/test/data/repositories/repository_test.dart: ... & Sync Deleting the last image of a record deletes the Record entity and OCR tasks      00:08 +78: loading /Users/lanzf/Projects/PHF/.worktrees/feat-issue-19/test/data/migration_v6_test.dart                                                                                                 00:08 +78: /Users/lanzf/Projects/PHF/.worktrees/feat-issue-19/test/data/migration_v6_test.dart: Upgrade to v6 adds ocr_queue table and image columns                                                   00:08 +79: /Users/lanzf/Projects/PHF/.worktrees/feat-issue-19/test/data/migration_v6_test.dart: Upgrade to v6 adds ocr_queue table and image columns                                                   00:09 +79: /Users/lanzf/Projects/PHF/.worktrees/feat-issue-19/test/data/migration_v6_test.dart: Upgrade to v6 adds ocr_queue table and image columns                                                   00:09 +79: loading /Users/lanzf/Projects/PHF/.worktrees/feat-issue-19/test/data/repositories/ocr_queue_repository_test.dart                                                                            00:09 +79: /Users/lanzf/Projects/PHF/.worktrees/feat-issue-19/test/data/repositories/ocr_queue_repository_test.dart: OCRQueueRepository enqueue adds item with pending status                          00:09 +80: /Users/lanzf/Projects/PHF/.worktrees/feat-issue-19/test/data/repositories/ocr_queue_repository_test.dart: OCRQueueRepository enqueue adds item with pending status                          00:09 +80: /Users/lanzf/Projects/PHF/.worktrees/feat-issue-19/test/data/repositories/ocr_queue_repository_test.dart: OCRQueueRepository dequeue returns oldest pending item (FIFO)                     00:09 +81: /Users/lanzf/Projects/PHF/.worktrees/feat-issue-19/test/data/repositories/ocr_queue_repository_test.dart: OCRQueueRepository dequeue returns oldest pending item (FIFO)                     00:09 +81: /Users/lanzf/Projects/PHF/.worktrees/feat-issue-19/test/data/repositories/ocr_queue_repository_test.dart: OCRQueueRepository dequeue returns null when no pending items                     00:09 +82: /Users/lanzf/Projects/PHF/.worktrees/feat-issue-19/test/data/repositories/ocr_queue_repository_test.dart: OCRQueueRepository dequeue returns null when no pending items                     00:09 +82: /Users/lanzf/Projects/PHF/.worktrees/feat-issue-19/test/data/repositories/ocr_queue_repository_test.dart: OCRQueueRepository updateStatus changes status and last_error                     00:09 +83: /Users/lanzf/Projects/PHF/.worktrees/feat-issue-19/test/data/repositories/ocr_queue_repository_test.dart: OCRQueueRepository updateStatus changes status and last_error                     00:09 +83: /Users/lanzf/Projects/PHF/.worktrees/feat-issue-19/test/data/repositories/ocr_queue_repository_test.dart: OCRQueueRepository incrementRetry increases count and updates timestamp           00:09 +84: /Users/lanzf/Projects/PHF/.worktrees/feat-issue-19/test/data/repositories/ocr_queue_repository_test.dart: OCRQueueRepository incrementRetry increases count and updates timestamp           00:09 +84: /Users/lanzf/Projects/PHF/.worktrees/feat-issue-19/test/data/repositories/ocr_queue_repository_test.dart: OCRQueueRepository deleteJob removes item                                         00:09 +85: /Users/lanzf/Projects/PHF/.worktrees/feat-issue-19/test/data/repositories/ocr_queue_repository_test.dart: OCRQueueRepository deleteJob removes item                                         00:10 +85: /Users/lanzf/Projects/PHF/.worktrees/feat-issue-19/test/data/repositories/ocr_queue_repository_test.dart: OCRQueueRepository deleteJob removes item                                         00:10 +85: loading /Users/lanzf/Projects/PHF/.worktrees/feat-issue-19/test/data/models/ocr_result_test.dart                                                                                            00:10 +85: /Users/lanzf/Projects/PHF/.worktrees/feat-issue-19/test/data/models/ocr_result_test.dart: OCRResult Tests OCRBlock serialization                                                            00:10 +86: /Users/lanzf/Projects/PHF/.worktrees/feat-issue-19/test/data/models/ocr_result_test.dart: OCRResult Tests OCRBlock serialization                                                            00:10 +86: /Users/lanzf/Projects/PHF/.worktrees/feat-issue-19/test/data/models/ocr_result_test.dart: OCRResult Tests OCRResult serialization                                                           00:10 +87: /Users/lanzf/Projects/PHF/.worktrees/feat-issue-19/test/data/models/ocr_result_test.dart: OCRResult Tests OCRResult serialization                                                           00:10 +87: /Users/lanzf/Projects/PHF/.worktrees/feat-issue-19/test/data/models/ocr_result_test.dart: OCRResult Tests OCRResult defaults                                                                00:10 +88: /Users/lanzf/Projects/PHF/.worktrees/feat-issue-19/test/data/models/ocr_result_test.dart: OCRResult Tests OCRResult defaults                                                                00:10 +88: loading /Users/lanzf/Projects/PHF/.worktrees/feat-issue-19/test/presentation/pages/timeline/timeline_page_test.dart                                                                         00:10 +88: /Users/lanzf/Projects/PHF/.worktrees/feat-issue-19/test/presentation/pages/timeline/timeline_page_test.dart: Timeline displays records                                                      00:10 +88: /Users/lanzf/Projects/PHF/.worktrees/feat-issue-19/test/presentation/pages/timeline/timeline_page_test.dart: Timeline displays records                                                      
[38;5;4m┌──────────────────────────────────────────────────────────────────────────────────────────────────────────────[0m
[38;5;4m│ [info] | 23:00:23 309ms | [TimelineController] OCR Status update: -1 -> 0. Triggering refresh.[0m
[38;5;4m└──────────────────────────────────────────────────────────────────────────────────────────────────────────────[0m
00:10 +89: /Users/lanzf/Projects/PHF/.worktrees/feat-issue-19/test/presentation/pages/search/global_search_page_test.dart: GlobalSearchPage triggers search on input                                   00:10 +89: /Users/lanzf/Projects/PHF/.worktrees/feat-issue-19/test/presentation/pages/timeline/timeline_page_test.dart: Timeline displays empty state when no records                                  
[38;5;4m┌──────────────────────────────────────────────────────────────────────────────────────────────────────────────[0m
[38;5;4m│ [info] | 23:00:23 534ms | [TimelineController] OCR Status update: -1 -> 0. Triggering refresh.[0m
[38;5;4m└──────────────────────────────────────────────────────────────────────────────────────────────────────────────[0m
00:10 +90: /Users/lanzf/Projects/PHF/.worktrees/feat-issue-19/test/presentation/pages/search/global_search_page_test.dart: GlobalSearchPage triggers search on input                                   00:10 +90: /Users/lanzf/Projects/PHF/.worktrees/feat-issue-19/test/presentation/pages/timeline/timeline_page_test.dart: Timeline displays pending banner when pendingCount > 0                         
[38;5;4m┌──────────────────────────────────────────────────────────────────────────────────────────────────────────────[0m
[38;5;4m│ [info] | 23:00:23 591ms | [TimelineController] OCR Status update: -1 -> 5. Triggering refresh.[0m
[38;5;4m└──────────────────────────────────────────────────────────────────────────────────────────────────────────────[0m
00:10 +91: /Users/lanzf/Projects/PHF/.worktrees/feat-issue-19/test/presentation/pages/search/global_search_page_test.dart: GlobalSearchPage triggers search on input                                   00:11 +91: /Users/lanzf/Projects/PHF/.worktrees/feat-issue-19/test/presentation/pages/search/global_search_page_test.dart: GlobalSearchPage triggers search on input                                   00:11 +92: /Users/lanzf/Projects/PHF/.worktrees/feat-issue-19/test/presentation/pages/timeline/record_detail_page_test.dart: RecordDetailPage displays metadata and images                             00:11 +93: /Users/lanzf/Projects/PHF/.worktrees/feat-issue-19/test/presentation/pages/timeline/record_detail_page_test.dart: RecordDetailPage displays metadata and images                             00:11 +94: /Users/lanzf/Projects/PHF/.worktrees/feat-issue-19/test/presentation/ui_kit_test.dart: ActiveButton Tests renders text and responds to tap                                                  00:11 +95: /Users/lanzf/Projects/PHF/.worktrees/feat-issue-19/test/presentation/pages/timeline/record_detail_page_test.dart: RecordDetailPage shows error if record not found                          00:11 +96: /Users/lanzf/Projects/PHF/.worktrees/feat-issue-19/test/presentation/pages/timeline/record_detail_page_test.dart: RecordDetailPage shows error if record not found                          00:11 +96: /Users/lanzf/Projects/PHF/.worktrees/feat-issue-19/test/presentation/ui_kit_test.dart: ActiveButton Tests shows loading indicator and ignores tap when loading                              00:11 +97: /Users/lanzf/Projects/PHF/.worktrees/feat-issue-19/test/presentation/pages/timeline/record_detail_page_test.dart: RecordDetailPage allows viewing OCR text                                  00:11 +98: /Users/lanzf/Projects/PHF/.worktrees/feat-issue-19/test/presentation/pages/timeline/record_detail_page_test.dart: RecordDetailPage allows viewing OCR text                                  00:11 +99: /Users/lanzf/Projects/PHF/.worktrees/feat-issue-19/test/presentation/pages/timeline/record_detail_page_test.dart: RecordDetailPage allows viewing OCR text                                  00:11 +100: /Users/lanzf/Projects/PHF/.worktrees/feat-issue-19/test/presentation/pages/timeline/record_detail_page_test.dart: RecordDetailPage allows viewing OCR text                                 00:11 +100: /Users/lanzf/Projects/PHF/.worktrees/feat-issue-19/test/presentation/pages/timeline/record_detail_page_test.dart: RecordDetailPage allows editing and saving metadata                      00:11 +101: /Users/lanzf/Projects/PHF/.worktrees/feat-issue-19/test/presentation/widgets/event_card_test.dart: EventCard displays hospital name and date                                               00:12 +101: /Users/lanzf/Projects/PHF/.worktrees/feat-issue-19/test/presentation/widgets/event_card_test.dart: EventCard displays hospital name and date                                               00:12 +102: /Users/lanzf/Projects/PHF/.worktrees/feat-issue-19/test/presentation/widgets/event_card_tags_test.dart: EventCard Tags Integration displays first image tag name instead of notes          00:12 +103: /Users/lanzf/Projects/PHF/.worktrees/feat-issue-19/test/presentation/widgets/event_card_tags_test.dart: EventCard Tags Integration displays first image tag name instead of notes          00:12 +104: /Users/lanzf/Projects/PHF/.worktrees/feat-issue-19/test/presentation/widgets/event_card_tags_test.dart: EventCard Tags Integration displays first image tag name instead of notes          00:12 +105: /Users/lanzf/Projects/PHF/.worktrees/feat-issue-19/test/presentation/widgets/event_card_tags_test.dart: EventCard Tags Integration displays first image tag name instead of notes          00:12 +105: /Users/lanzf/Projects/PHF/.worktrees/feat-issue-19/test/presentation/widgets/event_card_tags_test.dart: EventCard Tags Integration fallbacks to notes if image has no tags                 00:12 +106: /Users/lanzf/Projects/PHF/.worktrees/feat-issue-19/test/presentation/widgets/event_card_tags_test.dart: EventCard Tags Integration fallbacks to notes if image has no tags                 00:12 +106: All tests passed!                                                                                                                                                                          
